// Jest Snapshot v1, https://goo.gl/fbAQLP

exports[`should render AddBudgPage correctly 1`] = `
<div>
  <div
    className="page-header page-header--bg-red"
  >
    <div
      className="content-container"
    >
      <h2
        className="page-header__title page-header__red"
      >
        Add Expense
      </h2>
    </div>
  </div>
  <div
    className="content-container"
  >
    <BudgForm
      buttonText="Add Expense"
      onSubmit={[Function]}
    />
  </div>
</div>
`;
